
Intel ACPI Component Architecture
ASL Optimizing Compiler version 20120711-32 [Jul 11 2012]
Copyright (c) 2000 - 2012 Intel Corporation

Compilation of "SSDT-BUS0.asl" - Sat Dec 27 20:07:05 2025

       1....DefinitionBlock ("", "SSDT", 2, "HACK", "BUS0", 0x00000000)

00000000....53 53 44 54 69 00 00 00     "SSDTi..."
00000008....02 0E 48 41 43 4B 00 00     "..HACK.."
00000010....42 55 53 30 00 00 00 00     "BUS0...."
00000018....00 00 00 00 49 4E 54 4C     "....INTL"
00000020....11 07 12 20 ............    "... "

       2....{
       3....    External (\_SB_.PCI0.SBUS, DeviceObj)
       4....
       5....    Scope (\_SB.PCI0.SBUS)

00000024....10 44 04 5C 2F 03 5F 53     ".D.\/._S"
0000002C....42 5F 50 43 49 30 53 42     "B_PCI0SB"
00000034....55 53 ..................    "US"

       6....    {
       7....        Device (BUS0)

00000036....5B 82 31 42 55 53 30 ...    "[.1BUS0"

       8....        {
       9....            Name (_CID, "smbus")  

0000003D....08 5F 43 49 44 0D 73 6D     "._CID.sm"
00000045....62 75 73 00 ............    "bus."

      10....            Name (_ADR, Zero)  

00000049....08 5F 41 44 52 00 ......    "._ADR."

      11....            Method (_STA, 0, NotSerialized)  

0000004F....14 19 5F 53 54 41 00 ...    ".._STA."

      12....            {
      13....                If (_OSI ("Darwin"))

00000056....A0 10 ..................    ".."
00000058....5F 4F 53 49 0D 44 61 72     "_OSI.Dar"
00000060....77 69 6E 00 ............    "win."

      14....                {
      15....                    Return (0x0F)

00000064....A4 0A 0F ...............    "..."

      16....                }
      17....
      18....                Return (Zero)

00000067....A4 00 ..................    ".."
      19....            }
      20....        }
      21....    }
      22....}
      23....


Summary of errors and warnings


ASL Optimizing Compiler version 20120711-32 [Jul 11 2012]

ASL Input:     SSDT-BUS0.asl - 24 lines, 465 bytes, 8 keywords
AML Output:    SSDT-BUS0.aml - 105 bytes, 5 named objects, 3 executable opcodes
Listing File:  SSDT-BUS0.lst - 2148 bytes

Compilation complete. 0 Errors, 0 Warnings, 0 Remarks, 0 Optimizations

