
Intel ACPI Component Architecture
ASL Optimizing Compiler version 20120711-32 [Jul 11 2012]
Copyright (c) 2000 - 2012 Intel Corporation

Compilation of "SSDT-SBUS.asl" - Tue Feb 10 09:41:13 2026

       1....DefinitionBlock ("", "SSDT", 2, "HACK", "SBUS", 0x00000000)

00000000....53 53 44 54 D4 00 00 00     "SSDT...."
00000008....02 DC 48 41 43 4B 00 00     "..HACK.."
00000010....53 42 55 53 00 00 00 00     "SBUS...."
00000018....00 00 00 00 49 4E 54 4C     "....INTL"
00000020....11 07 12 20 ............    "... "

       2....{
       3....    External (\_SB_.PCI0.SBUS, DeviceObj)
       4....
       5....    Scope (\_SB.PCI0.SBUS)

00000024....10 4F 0A 5C 2F 03 5F 53     ".O.\/._S"
0000002C....42 5F 50 43 49 30 53 42     "B_PCI0SB"
00000034....55 53 ..................    "US"

       6....    {
       7....        Device (BUS0)

00000036....5B 82 49 06 42 55 53 30     "[.I.BUS0"

       8....        {
       9....            Name (_CID, "smbus")  

0000003E....08 5F 43 49 44 0D 73 6D     "._CID.sm"
00000046....62 75 73 00 ............    "bus."

      10....            Name (_ADR, Zero)  

0000004A....08 5F 41 44 52 00 ......    "._ADR."

      11....            Method (_STA, 0, NotSerialized)  

00000050....14 19 5F 53 54 41 00 ...    ".._STA."

      12....            {
      13....                If (_OSI ("Darwin"))

00000057....A0 10 ..................    ".."
00000059....5F 4F 53 49 0D 44 61 72     "_OSI.Dar"
00000061....77 69 6E 00 ............    "win."

      14....                {
      15....                    Return (0x0F)

00000065....A4 0A 0F ...............    "..."

      16....                }
      17....
      18....                Return (Zero)

00000068....A4 00 ..................    ".."

      19....            }
      20....
      21....            Device (BLC0)

0000006A....5B 82 35 42 4C 43 30 ...    "[.5BLC0"

      22....            {
      23....                Name (_CID, "smbus-blc")  

00000071....08 5F 43 49 44 0D 73 6D     "._CID.sm"
00000079....62 75 73 2D 62 6C 63 00     "bus-blc."

      24....                Name (_ADR, Zero)  

00000081....08 5F 41 44 52 00 ......    "._ADR."

      25....                Method (_STA, 0, NotSerialized)  

00000087....14 19 5F 53 54 41 00 ...    ".._STA."

      26....                {
      27....                    If (_OSI ("Darwin"))

0000008E....A0 10 ..................    ".."
00000090....5F 4F 53 49 0D 44 61 72     "_OSI.Dar"
00000098....77 69 6E 00 ............    "win."

      28....                    {
      29....                        Return (0x0F)

0000009C....A4 0A 0F ...............    "..."

      30....                    }
      31....
      32....                    Return (Zero)

0000009F....A4 00 ..................    ".."

      33....                }
      34....            }
      35....        }
      36....
      37....        Device (BUS1)

000000A1....5B 82 31 42 55 53 31 ...    "[.1BUS1"

      38....        {
      39....            Name (_CID, "smbus")  

000000A8....08 5F 43 49 44 0D 73 6D     "._CID.sm"
000000B0....62 75 73 00 ............    "bus."

      40....            Name (_ADR, One)  

000000B4....08 5F 41 44 52 01 ......    "._ADR."

      41....            Method (_STA, 0, NotSerialized)  

000000BA....14 19 5F 53 54 41 00 ...    ".._STA."

      42....            {
      43....                If (_OSI ("Darwin"))

000000C1....A0 10 ..................    ".."
000000C3....5F 4F 53 49 0D 44 61 72     "_OSI.Dar"
000000CB....77 69 6E 00 ............    "win."

      44....                {
      45....                    Return (0x0F)

000000CF....A4 0A 0F ...............    "..."

      46....                }
      47....
      48....                Return (Zero)

000000D2....A4 00 ..................    ".."
      49....            }
      50....        }
      51....    }
      52....}
      53....


Summary of errors and warnings


ASL Optimizing Compiler version 20120711-32 [Jul 11 2012]

ASL Input:     SSDT-SBUS.asl - 54 lines, 1160 bytes, 22 keywords
AML Output:    SSDT-SBUS.aml - 212 bytes, 13 named objects, 9 executable opcodes
Listing File:  SSDT-SBUS.lst - 4283 bytes

Compilation complete. 0 Errors, 0 Warnings, 0 Remarks, 0 Optimizations

